src/report/dto/report.dto.ts(27,18): error TS2345: Argument of type '{ type: "object"; }' is not assignable to parameter of type 'ApiPropertyOptions | undefined'.
  Type '{ type: "object"; }' is not assignable to type '({ type: "object"; properties: Record<string, SchemaObjectMetadata>; required?: string[] | undefined; selfRequired?: boolean | undefined; } & SchemaObjectCommonMetadata & { ...; }) | ({ ...; } & ... 1 more ... & { ...; }) | ({ ...; } & ... 2 more ... & { ...; }) | ({ ...; } & ... 2 more ... & { ...; })'.
    Type '{ type: "object"; }' is not assignable to type '{ type: "object"; properties?: Record<string, SchemaObjectMetadata> | undefined; additionalProperties: boolean | SchemaObject | ReferenceObject; required?: string[] | undefined; selfRequired?: boolean | undefined; } & SchemaObjectCommonMetadata & { ...; } & { ...; }'.
      Property 'additionalProperties' is missing in type '{ type: "object"; }' but required in type '{ type: "object"; properties?: Record<string, SchemaObjectMetadata> | undefined; additionalProperties: boolean | SchemaObject | ReferenceObject; required?: string[] | undefined; selfRequired?: boolean | undefined; }'.
src/report/dto/report.dto.ts(58,26): error TS2345: Argument of type '{ type: "object"; }' is not assignable to parameter of type 'ApiPropertyOptions | undefined'.
  Type '{ type: "object"; }' is not assignable to type '({ type: "object"; properties: Record<string, SchemaObjectMetadata>; required?: string[] | undefined; selfRequired?: boolean | undefined; } & SchemaObjectCommonMetadata & { ...; }) | ({ ...; } & ... 1 more ... & { ...; }) | ({ ...; } & ... 2 more ... & { ...; }) | ({ ...; } & ... 2 more ... & { ...; })'.
    Type '{ type: "object"; }' is not assignable to type '{ type: "object"; properties?: Record<string, SchemaObjectMetadata> | undefined; additionalProperties: boolean | SchemaObject | ReferenceObject; required?: string[] | undefined; selfRequired?: boolean | undefined; } & SchemaObjectCommonMetadata & { ...; } & { ...; }'.
      Property 'additionalProperties' is missing in type '{ type: "object"; }' but required in type '{ type: "object"; properties?: Record<string, SchemaObjectMetadata> | undefined; additionalProperties: boolean | SchemaObject | ReferenceObject; required?: string[] | undefined; selfRequired?: boolean | undefined; }'.
src/report/dto/report.dto.ts(104,26): error TS2345: Argument of type '{ type: "object"; }' is not assignable to parameter of type 'ApiPropertyOptions | undefined'.
  Type '{ type: "object"; }' is not assignable to type '({ type: "object"; properties: Record<string, SchemaObjectMetadata>; required?: string[] | undefined; selfRequired?: boolean | undefined; } & SchemaObjectCommonMetadata & { ...; }) | ({ ...; } & ... 1 more ... & { ...; }) | ({ ...; } & ... 2 more ... & { ...; }) | ({ ...; } & ... 2 more ... & { ...; })'.
    Type '{ type: "object"; }' is not assignable to type '{ type: "object"; properties?: Record<string, SchemaObjectMetadata> | undefined; additionalProperties: boolean | SchemaObject | ReferenceObject; required?: string[] | undefined; selfRequired?: boolean | undefined; } & SchemaObjectCommonMetadata & { ...; } & { ...; }'.
      Property 'additionalProperties' is missing in type '{ type: "object"; }' but required in type '{ type: "object"; properties?: Record<string, SchemaObjectMetadata> | undefined; additionalProperties: boolean | SchemaObject | ReferenceObject; required?: string[] | undefined; selfRequired?: boolean | undefined; }'.
src/report/excel-renderer.service.ts(37,13): error TS2739: Type '{ top: number; bottom: number; left: number; right: number; }' is missing the following properties from type 'Margins': header, footer
src/report/pdf-renderer.service.ts(3,30): error TS2307: Cannot find module 'pdfkit' or its corresponding type declarations.
src/report/pdf-renderer.service.ts(70,32): error TS2503: Cannot find namespace 'PDFKit'.
src/report/pdf-renderer.service.ts(118,29): error TS2503: Cannot find namespace 'PDFKit'.
src/report/pdf-renderer.service.ts(136,14): error TS2503: Cannot find namespace 'PDFKit'.
src/report/pdf-renderer.service.ts(162,14): error TS2503: Cannot find namespace 'PDFKit'.
src/report/pdf-renderer.service.ts(229,14): error TS2503: Cannot find namespace 'PDFKit'.
src/report/pdf-renderer.service.ts(265,30): error TS2503: Cannot find namespace 'PDFKit'.
src/report/pdf-renderer.service.ts(287,30): error TS2503: Cannot find namespace 'PDFKit'.
src/report/report.controller.ts(15,30): error TS2307: Cannot find module '../auth/jwt-auth.guard' or its corresponding type declarations.
