src/accounting/accounting.controller.ts(38,40): error TS2694: Namespace '"D:/Projek/coreKop/koperasiProjek/koperasi-backend/node_modules/.prisma/client/default".Prisma' has no exported member 'JournalAccountCreateInput'.
src/accounting/accounting.controller.ts(43,69): error TS2694: Namespace '"D:/Projek/coreKop/koperasiProjek/koperasi-backend/node_modules/.prisma/client/default".Prisma' has no exported member 'JournalAccountUpdateInput'.
src/accounting/accounting.service.ts(36,29): error TS2694: Namespace '"D:/Projek/coreKop/koperasiProjek/koperasi-backend/node_modules/.prisma/client/default".Prisma' has no exported member 'JournalAccountWhereInput'.
src/accounting/accounting.service.ts(124,38): error TS2694: Namespace '"D:/Projek/coreKop/koperasiProjek/koperasi-backend/node_modules/.prisma/client/default".Prisma' has no exported member 'JournalAccountCreateInput'.
src/accounting/accounting.service.ts(134,52): error TS2694: Namespace '"D:/Projek/coreKop/koperasiProjek/koperasi-backend/node_modules/.prisma/client/default".Prisma' has no exported member 'JournalAccountUpdateInput'.
src/accounting/accounting.service.ts(146,29): error TS2694: Namespace '"D:/Projek/coreKop/koperasiProjek/koperasi-backend/node_modules/.prisma/client/default".Prisma' has no exported member 'ProductCoaMappingWhereInput'.
src/accounting/accounting.service.ts(226,29): error TS2694: Namespace '"D:/Projek/coreKop/koperasiProjek/koperasi-backend/node_modules/.prisma/client/default".Prisma' has no exported member 'PostedJournalWhereInput'.
src/accounting/accounting.service.ts(652,29): error TS2694: Namespace '"D:/Projek/coreKop/koperasiProjek/koperasi-backend/node_modules/.prisma/client/default".Prisma' has no exported member 'PostedJournalTempWhereInput'.
src/accounting/asset/asset.service.ts(42,49): error TS2339: Property 'Decimal' does not exist on type 'typeof Prisma'.
src/accounting/asset/asset.service.ts(43,47): error TS2339: Property 'Decimal' does not exist on type 'typeof Prisma'.
src/accounting/asset/asset.service.ts(131,75): error TS2339: Property 'Decimal' does not exist on type 'typeof Prisma'.
src/accounting/asset/asset.service.ts(132,71): error TS2339: Property 'Decimal' does not exist on type 'typeof Prisma'.
src/accounting/asset/asset.service.ts(273,44): error TS2339: Property 'Decimal' does not exist on type 'typeof Prisma'.
src/accounting/asset/asset.service.ts(306,97): error TS2339: Property 'Decimal' does not exist on type 'typeof Prisma'.
src/accounting/asset/asset.service.ts(307,42): error TS2339: Property 'Decimal' does not exist on type 'typeof Prisma'.
src/accounting/asset/asset.service.ts(323,101): error TS2339: Property 'Decimal' does not exist on type 'typeof Prisma'.
src/accounting/asset/asset.service.ts(324,93): error TS2339: Property 'Decimal' does not exist on type 'typeof Prisma'.
src/inter-unit/inter-unit.service.ts(3,18): error TS2305: Module '"@prisma/client"' has no exported member 'InterUnitTransactionStatus'.
src/inter-unit/inter-unit.service.ts(3,46): error TS2305: Module '"@prisma/client"' has no exported member 'InterUnitTransactionType'.
src/inter-unit/inter-unit.service.ts(89,29): error TS2694: Namespace '"D:/Projek/coreKop/koperasiProjek/koperasi-backend/node_modules/.prisma/client/default".Prisma' has no exported member 'InterUnitTransactionWhereInput'.
src/inter-unit/inter-unit.service.ts(209,29): error TS2694: Namespace '"D:/Projek/coreKop/koperasiProjek/koperasi-backend/node_modules/.prisma/client/default".Prisma' has no exported member 'InterUnitTransactionWhereInput'.
src/kredit/kredit.service.ts(27,46): error TS2339: Property 'Decimal' does not exist on type 'typeof Prisma'.
src/kredit/kredit.service.ts(29,44): error TS2339: Property 'Decimal' does not exist on type 'typeof Prisma'.
src/kredit/kredit.service.ts(90,49): error TS2339: Property 'Decimal' does not exist on type 'typeof Prisma'.
src/kredit/kredit.service.ts(91,51): error TS2339: Property 'Decimal' does not exist on type 'typeof Prisma'.
src/kredit/kredit.service.ts(202,45): error TS2339: Property 'Decimal' does not exist on type 'typeof Prisma'.
src/kredit/kredit.service.ts(203,43): error TS2339: Property 'Decimal' does not exist on type 'typeof Prisma'.
src/kredit/kredit.service.ts(205,51): error TS2339: Property 'Decimal' does not exist on type 'typeof Prisma'.
src/kredit/kredit.service.ts(206,51): error TS2339: Property 'Decimal' does not exist on type 'typeof Prisma'.
src/kredit/kredit.service.ts(216,54): error TS2339: Property 'Decimal' does not exist on type 'typeof Prisma'.
src/kredit/kredit.service.ts(275,43): error TS2339: Property 'Decimal' does not exist on type 'typeof Prisma'.
src/kredit/kredit.service.ts(276,43): error TS2339: Property 'Decimal' does not exist on type 'typeof Prisma'.
src/kredit/kredit.service.ts(277,43): error TS2339: Property 'Decimal' does not exist on type 'typeof Prisma'.
src/kredit/kredit.service.ts(278,47): error TS2339: Property 'Decimal' does not exist on type 'typeof Prisma'.
src/kredit/kredit.service.ts(279,47): error TS2339: Property 'Decimal' does not exist on type 'typeof Prisma'.
src/kredit/kredit.service.ts(297,45): error TS2339: Property 'PrismaClientKnownRequestError' does not exist on type 'typeof Prisma'.
src/kredit/kredit.service.ts(335,41): error TS2339: Property 'Decimal' does not exist on type 'typeof Prisma'.
src/kredit/kredit.service.ts(423,51): error TS2339: Property 'Decimal' does not exist on type 'typeof Prisma'.
src/kredit/kredit.service.ts(424,51): error TS2339: Property 'Decimal' does not exist on type 'typeof Prisma'.
src/kredit/kredit.service.ts(495,44): error TS2339: Property 'Decimal' does not exist on type 'typeof Prisma'.
src/kredit/kredit.service.ts(496,44): error TS2339: Property 'Decimal' does not exist on type 'typeof Prisma'.
src/migration/migration.service.ts(828,66): error TS2339: Property 'nama' does not exist on type '{}'.
src/migration/migration.service.ts(829,60): error TS2339: Property 'noKtp' does not exist on type '{}'.
src/month-end/balance-sheet.service.ts(49,29): error TS2339: Property 'accountType' does not exist on type '{}'.
